// Vitest Snapshot v1, https://vitest.dev/guide/snapshot.html

exports[`components > auraBadge > props > should render default theme correctly 1`] = `"<span class="aura-badge default border"><aura-text-stub bold="true" size="large" compact="true" tag="span"></aura-text-stub></span>"`;

exports[`components > auraBadge > props > should render secondary theme correctly 1`] = `"<span class="aura-badge secondary border"><aura-text-stub bold="false" size="medium" compact="true" tag="span"></aura-text-stub></span>"`;

exports[`components > auraBadge > props > should render with default values correctly 1`] = `"<span class="aura-badge default border"><aura-text-stub bold="false" size="small" compact="true" tag="span"></aura-text-stub></span>"`;
