// Vitest Snapshot v1, https://vitest.dev/guide/snapshot.html

exports[`components > auraNotice > props > content > should render HTML 1`] = `
"<div id="notice" class="notice notice warning" role="alert">
  <div class="notice-content"><span class="aura-text compact size-small regular"><span id="notice-content" class="truncated" role="region"><strong>Hello world!</strong> This is a notice.</span></span></div>
</div>"
`;

exports[`components > auraNotice > props > content > should render correctly with content prop 1`] = `
"<div id="notice" class="notice notice warning" role="alert">
  <div class="notice-content">
    <aura-text-stub bold="false" size="small" compact="true" tag="span"></aura-text-stub>
  </div>
</div>"
`;

exports[`components > auraNotice > props > content > should sanitize rendered HTML 1`] = `
"<div id="notice" class="notice notice warning" role="alert">
  <div class="notice-content">
    <aura-text-stub bold="false" size="small" compact="true" tag="span"></aura-text-stub>
  </div>
</div>"
`;

exports[`components > auraNotice > should render correctly 1`] = `
"<div id="notice" class="notice notice warning" role="alert">
  <div class="notice-content">
    <aura-text-stub bold="false" size="small" compact="true" tag="span"></aura-text-stub>
  </div>
</div>"
`;
