// Vitest Snapshot v1, https://vitest.dev/guide/snapshot.html

exports[`components > auraExternalLink > should render correctly with href 1`] = `
"<a href="https://aura.io" target="_blank" rel="noopener noreferrer" class="link">
  <aura-icon-stub icon="external-link" spin="false"></aura-icon-stub>
</a>"
`;

exports[`components > auraExternalLink > should render correctly with slot content 1`] = `"<a href="https://aura.io" target="_blank" rel="noopener noreferrer" class="link">Visit aura<aura-icon-stub icon="external-link" spin="false"></aura-icon-stub></a>"`;

exports[`components > auraExternalLink > should render correctly without href 1`] = `
"<button class="link">
  <aura-icon-stub icon="external-link" spin="false"></aura-icon-stub>
</button>"
`;
