// Vitest Snapshot v1, https://vitest.dev/guide/snapshot.html

exports[`auraSelectableList > renders disabled collection without selectables 1`] = `
"<div>
  <!--v-if-->
  <div class="slotComboContainer" data-test-id="selectable-list-slot-propB">
    <!--v-if-->
    <div class="slotContainer"></div>
  </div>
</div>"
`;

exports[`auraSelectableList > renders multiple elements with some pre-selected 1`] = `
"<div>
  <div class="selectableContainer"><span class="selectableCell" data-test-id="selectable-list-selectable-propB"><div class="selectableTextSize">+ Add a propB</div></span><span class="selectableCell" data-test-id="selectable-list-selectable-propD"><div class="selectableTextSize">+ Add a propD</div></span></div>
  <div class="slotComboContainer" data-test-id="selectable-list-slot-propA">
    <aura-icon-stub icon="trash-2" size="xsmall" spin="false" class="slotRemoveIcon" data-test-id="selectable-list-remove-slot-propA"></aura-icon-stub>
    <div class="slotContainer"></div>
  </div>
  <div class="slotComboContainer" data-test-id="selectable-list-slot-propC">
    <aura-icon-stub icon="trash-2" size="xsmall" spin="false" class="slotRemoveIcon" data-test-id="selectable-list-remove-slot-propC"></aura-icon-stub>
    <div class="slotContainer"></div>
  </div>
</div>"
`;

exports[`auraSelectableList > renders when empty 1`] = `
"<div>
  <div class="selectableContainer"></div>
</div>"
`;
