// Vitest Snapshot v1, https://vitest.dev/guide/snapshot.html

exports[`auraActionBox > should render correctly 1`] = `
"<div class="aura-action-box container" data-test-id="action-box">
  <div class="emoji">ğŸ˜¿</div>
  <div class="heading">
    <aura-heading-stub align="center" tag="span" bold="false" size="xlarge"></aura-heading-stub>
  </div>
  <div class="description">
    <aura-text-stub color="text-base" bold="false" size="medium" compact="false" tag="span"></aura-text-stub>
  </div>
  <aura-button-stub block="false" element="button" label="Do something" square="false" active="false" disabled="false" loading="false" outline="false" size="large" text="false" type="primary" class="el-tooltip__trigger"></aura-button-stub>
  <!--teleport start-->
  <!--teleport end-->
  <!--v-if-->
</div>"
`;
